// Jest Snapshot v1, https://goo.gl/fbAQLP

exports[`matches snapshot 1`] = `
<DocumentFragment>
  <div
    class="text-center card card-body bg-light"
  >
    <div
      class="card-body"
    >
      <h5
        class="card-title"
      >
        Current Site: 
      </h5>
      <h6
        class="card-subtitle"
      >
        More details to follow about location
      </h6>
      <ul
        class="list-group"
      >
        <li
          class="list-group-item"
        >
          Address to follow
        </li>
        <li
          class="list-group-item"
        >
          Hours to follow
        </li>
        <li
          class="list-group-item"
        >
          List of Active Valets to follow
        </li>
        <li
          class="list-group-item"
        >
          Total vehicles parked by location to follow
        </li>
      </ul>
    </div>
  </div>
</DocumentFragment>
`;
