// Jest Snapshot v1, https://goo.gl/fbAQLP

exports[`AddLocationForm: matches snapshot 1`] = `
<DocumentFragment>
  <form
    class=""
  >
    <h3>
      New Location Form
    </h3>
    <button
      class="btn btn-primary"
    >
      Add Location
    </button>
    <div
      class="position-relative form-group"
    >
      <label
        class=""
        for="sitename"
      />
      <input
        class="form-control"
        id="sitename"
        name="sitename"
        placeholder="sitename"
        type="text"
        value=""
      />
    </div>
  </form>
</DocumentFragment>
`;
