// Jest Snapshot v1, https://goo.gl/fbAQLP

exports[`matches snapshot 1`] = `
<DocumentFragment>
  <form
    class=""
  >
    <h3>
      Add Vehicle
    </h3>
    <div
      class="position-relative form-group"
    >
      <input
        class="form-control"
        id="ticketNum"
        name="ticketNum"
        placeholder="ticketnum"
        type="text"
        value=""
      />
      <label
        class=""
        for="ticketNum"
      />
    </div>
    <div
      class="position-relative form-group"
    >
      <input
        class="form-control"
        id="mobile"
        name="mobile"
        placeholder="mobile"
        type="text"
        value=""
      />
      <label
        class=""
        for="mobile"
      />
    </div>
    <div
      class="position-relative form-group"
    >
      <input
        class="form-control"
        id="color"
        name="color"
        placeholder="color"
        type="text"
        value=""
      />
      <label
        class=""
        for="color"
      />
    </div>
    <div
      class="position-relative form-group"
    >
      <input
        class="form-control"
        id="make"
        name="make"
        placeholder="make"
        type="text"
        value=""
      />
      <label
        class=""
        for="make"
      />
    </div>
    <div
      class="position-relative form-group"
    >
      <input
        class="form-control"
        id="damages"
        name="damages"
        placeholder="damages"
        type="text"
        value=""
      />
      <label
        class=""
        for="damages"
      />
    </div>
    <div
      class="position-relative form-group"
    >
      <input
        class="form-control"
        id="notes"
        name="notes"
        placeholder="notes"
        type="text"
        value=""
      />
      <label
        class=""
        for="notes"
      />
    </div>
    <button
      class="btn btn-primary"
    >
      Add
    </button>
  </form>
</DocumentFragment>
`;
